Downloading https://github.com/gradle/gradle-distributions/releases/download/v8.9.0/gradle-8.9-bin.zip
............10%.............20%.............30%.............40%.............50%.............60%.............70%.............80%.............90%.............100%

Welcome to Gradle 8.9!

Here are the highlights of this release:
 - Enhanced Error and Warning Messages
 - IDE Integration Improvements
 - Daemon JVM Information

For more details see https://docs.gradle.org/8.9/release-notes.html

To honour the JVM settings for this build a single-use Daemon process will be forked. For more on this, please refer to https://docs.gradle.org/8.9/userguide/gradle_daemon.html#sec:disabling_the_daemon in the Gradle documentation.
Daemon will be stopped at the end of the build 
> Task :app:buildKotlinToolingMetadata
> Task :app:checkKotlinGradlePluginConfigurationErrors SKIPPED
> Task :app:preBuild UP-TO-DATE
> Task :app:preReleaseBuild UP-TO-DATE
> Task :app:generateReleaseBuildConfig
> Task :app:generateReleaseResValues
> Task :app:checkReleaseAarMetadata
> Task :app:mapReleaseSourceSetPaths
> Task :app:generateReleaseResources
> Task :app:packageReleaseResources
> Task :app:mergeReleaseResources
> Task :app:createReleaseCompatibleScreenManifests
> Task :app:extractDeepLinksRelease
> Task :app:parseReleaseLocalResources
> Task :app:processReleaseMainManifest
> Task :app:processReleaseManifest
> Task :app:processReleaseManifestForPackage
> Task :app:javaPreCompileRelease
> Task :app:extractProguardFiles
> Task :app:mergeReleaseJniLibFolders
> Task :app:processReleaseResources
> Task :app:mergeReleaseNativeLibs
> Task :app:mergeReleaseArtProfile

> Task :app:stripReleaseDebugSymbols
Unable to strip the following libraries, packaging them as they are: libandroidx.graphics.path.so, libsqlcipher.so.

> Task :app:extractReleaseNativeSymbolTables
> Task :app:checkReleaseDuplicateClasses
> Task :app:mergeReleaseNativeDebugMetadata NO-SOURCE
> Task :app:expandReleaseL8ArtProfileWildcards
> Task :app:desugarReleaseFileDependencies
> Task :app:mergeReleaseStartupProfile
> Task :app:kaptGenerateStubsReleaseKotlin
w: Kapt currently doesn't support language version 2.0+. Falling back to 1.9.

> Task :app:mergeExtDexRelease
> Task :app:mergeReleaseShaders
> Task :app:compileReleaseShaders NO-SOURCE
> Task :app:generateReleaseAssets UP-TO-DATE
> Task :app:mergeReleaseAssets
> Task :app:compressReleaseAssets
> Task :app:extractReleaseVersionControlInfo
> Task :app:collectReleaseDependencies
> Task :app:sdkReleaseDependencyData
> Task :app:optimizeReleaseResources
> Task :app:validateSigningRelease
> Task :app:writeReleaseAppMetadata
> Task :app:writeReleaseSigningConfigVersions

> Task :app:kaptReleaseKotlin
warning: Kapt support in Moshi Kotlin Code Gen is deprecated and will be removed in 2.0. Please migrate to KSP. https://github.com/square/moshi#codegen

> Task :app:compileReleaseKotlin
w: file:///home/runner/work/Dinge88/Dinge88/app/src/main/java/com/secureguard/enterprise/presentation/theme/Theme.kt:89:20 'var statusBarColor: Int' is deprecated. Deprecated in Java.
w: file:///home/runner/work/Dinge88/Dinge88/app/src/main/java/com/secureguard/enterprise/presentation/ui/actions/ActionsScreen.kt:81:44 'val Icons.Filled.ArrowBack: ImageVector' is deprecated. Use the AutoMirrored version at Icons.AutoMirrored.Filled.ArrowBack.
w: file:///home/runner/work/Dinge88/Dinge88/app/src/main/java/com/secureguard/enterprise/presentation/ui/actions/ActionsScreen.kt:117:38 'fun Modifier.menuAnchor(): Modifier' is deprecated. Use overload that takes MenuAnchorType and enabled parameters.
w: file:///home/runner/work/Dinge88/Dinge88/app/src/main/java/com/secureguard/enterprise/presentation/ui/actions/ActionsScreen.kt:184:81 'val Icons.Filled.Message: ImageVector' is deprecated. Use the AutoMirrored version at Icons.AutoMirrored.Filled.Message.
w: file:///home/runner/work/Dinge88/Dinge88/app/src/main/java/com/secureguard/enterprise/presentation/ui/agent/AgentConfigScreen.kt:58:44 'val Icons.Filled.ArrowBack: ImageVector' is deprecated. Use the AutoMirrored version at Icons.AutoMirrored.Filled.ArrowBack.
w: file:///home/runner/work/Dinge88/Dinge88/app/src/main/java/com/secureguard/enterprise/presentation/ui/alerts/AlertsScreen.kt:55:44 'val Icons.Filled.ArrowBack: ImageVector' is deprecated. Use the AutoMirrored version at Icons.AutoMirrored.Filled.ArrowBack.
w: file:///home/runner/work/Dinge88/Dinge88/app/src/main/java/com/secureguard/enterprise/presentation/ui/assets/AddAssetScreen.kt:77:44 'val Icons.Filled.ArrowBack: ImageVector' is deprecated. Use the AutoMirrored version at Icons.AutoMirrored.Filled.ArrowBack.
w: file:///home/runner/work/Dinge88/Dinge88/app/src/main/java/com/secureguard/enterprise/presentation/ui/assets/AssetDetailScreen.kt:76:44 'val Icons.Filled.ArrowBack: ImageVector' is deprecated. Use the AutoMirrored version at Icons.AutoMirrored.Filled.ArrowBack.
w: file:///home/runner/work/Dinge88/Dinge88/app/src/main/java/com/secureguard/enterprise/presentation/ui/assets/AssetDetailScreen.kt:236:52 'val Icons.Filled.Message: ImageVector' is deprecated. Use the AutoMirrored version at Icons.AutoMirrored.Filled.Message.
w: file:///home/runner/work/Dinge88/Dinge88/app/src/main/java/com/secureguard/enterprise/presentation/ui/assets/AssetDetailScreen.kt:250:56 'val Icons.Filled.ArrowBack: ImageVector' is deprecated. Use the AutoMirrored version at Icons.AutoMirrored.Filled.ArrowBack.
w: file:///home/runner/work/Dinge88/Dinge88/app/src/main/java/com/secureguard/enterprise/presentation/ui/assets/AssetListScreen.kt:69:44 'val Icons.Filled.ArrowBack: ImageVector' is deprecated. Use the AutoMirrored version at Icons.AutoMirrored.Filled.ArrowBack.
w: file:///home/runner/work/Dinge88/Dinge88/app/src/main/java/com/secureguard/enterprise/presentation/ui/assets/ScanQrScreen.kt:91:44 'val Icons.Filled.ArrowBack: ImageVector' is deprecated. Use the AutoMirrored version at Icons.AutoMirrored.Filled.ArrowBack.
w: file:///home/runner/work/Dinge88/Dinge88/app/src/main/java/com/secureguard/enterprise/presentation/ui/esp32/Esp32ConfigScreen.kt:65:44 'val Icons.Filled.ArrowBack: ImageVector' is deprecated. Use the AutoMirrored version at Icons.AutoMirrored.Filled.ArrowBack.
w: file:///home/runner/work/Dinge88/Dinge88/app/src/main/java/com/secureguard/enterprise/presentation/ui/esp32/Esp32ConfigScreen.kt:182:48 'val Icons.Filled.Send: ImageVector' is deprecated. Use the AutoMirrored version at Icons.AutoMirrored.Filled.Send.
w: file:///home/runner/work/Dinge88/Dinge88/app/src/main/java/com/secureguard/enterprise/presentation/ui/health/HealthScreen.kt:67:44 'val Icons.Filled.ArrowBack: ImageVector' is deprecated. Use the AutoMirrored version at Icons.AutoMirrored.Filled.ArrowBack.
w: file:///home/runner/work/Dinge88/Dinge88/app/src/main/java/com/secureguard/enterprise/presentation/ui/map/MapScreen.kt:76:44 'val Icons.Filled.ArrowBack: ImageVector' is deprecated. Use the AutoMirrored version at Icons.AutoMirrored.Filled.ArrowBack.
w: file:///home/runner/work/Dinge88/Dinge88/app/src/main/java/com/secureguard/enterprise/presentation/ui/map/MapScreen.kt:108:21 'fun setBuiltInZoomControls(p0: Boolean): Unit' is deprecated. Deprecated in Java.
w: file:///home/runner/work/Dinge88/Dinge88/app/src/main/java/com/secureguard/enterprise/presentation/ui/nodes/NodeStatusScreen.kt:62:44 'val Icons.Filled.ArrowBack: ImageVector' is deprecated. Use the AutoMirrored version at Icons.AutoMirrored.Filled.ArrowBack.
w: file:///home/runner/work/Dinge88/Dinge88/app/src/main/java/com/secureguard/enterprise/presentation/ui/ports/AutomaticPortViewScreen.kt:68:44 'val Icons.Filled.ArrowBack: ImageVector' is deprecated. Use the AutoMirrored version at Icons.AutoMirrored.Filled.ArrowBack.
w: file:///home/runner/work/Dinge88/Dinge88/app/src/main/java/com/secureguard/enterprise/presentation/ui/security/SecurityScreen.kt:79:44 'val Icons.Filled.ArrowBack: ImageVector' is deprecated. Use the AutoMirrored version at Icons.AutoMirrored.Filled.ArrowBack.
w: file:///home/runner/work/Dinge88/Dinge88/app/src/main/java/com/secureguard/enterprise/presentation/ui/sensorfusion/SensorFusionScreen.kt:63:44 'val Icons.Filled.ArrowBack: ImageVector' is deprecated. Use the AutoMirrored version at Icons.AutoMirrored.Filled.ArrowBack.
w: file:///home/runner/work/Dinge88/Dinge88/app/src/main/java/com/secureguard/enterprise/presentation/ui/settings/SettingsScreen.kt:55:44 'val Icons.Filled.ArrowBack: ImageVector' is deprecated. Use the AutoMirrored version at Icons.AutoMirrored.Filled.ArrowBack.
w: file:///home/runner/work/Dinge88/Dinge88/app/src/main/java/com/secureguard/enterprise/presentation/ui/slack/SlackScreen.kt:66:44 'val Icons.Filled.ArrowBack: ImageVector' is deprecated. Use the AutoMirrored version at Icons.AutoMirrored.Filled.ArrowBack.
w: file:///home/runner/work/Dinge88/Dinge88/app/src/main/java/com/secureguard/enterprise/presentation/ui/slack/SlackScreen.kt:203:44 'val Icons.Filled.Send: ImageVector' is deprecated. Use the AutoMirrored version at Icons.AutoMirrored.Filled.Send.
w: file:///home/runner/work/Dinge88/Dinge88/app/src/main/java/com/secureguard/enterprise/presentation/ui/tempmail/TempMailScreen.kt:61:44 'val Icons.Filled.ArrowBack: ImageVector' is deprecated. Use the AutoMirrored version at Icons.AutoMirrored.Filled.ArrowBack.
w: file:///home/runner/work/Dinge88/Dinge88/app/src/main/java/com/secureguard/enterprise/presentation/ui/terminal/TerminalScreen.kt:75:44 'val Icons.Filled.ArrowBack: ImageVector' is deprecated. Use the AutoMirrored version at Icons.AutoMirrored.Filled.ArrowBack.
w: file:///home/runner/work/Dinge88/Dinge88/app/src/main/java/com/secureguard/enterprise/presentation/ui/terminal/TerminalScreen.kt:169:40 'val Icons.Filled.Send: ImageVector' is deprecated. Use the AutoMirrored version at Icons.AutoMirrored.Filled.Send.
w: file:///home/runner/work/Dinge88/Dinge88/app/src/main/java/com/secureguard/enterprise/services/TelemetryService.kt:203:15 'open' has no effect on a final class.

> Task :app:compileReleaseJavaWithJavac
> Task :app:hiltAggregateDepsRelease

> Task :app:hiltJavaCompileRelease
warning: Kapt support in Moshi Kotlin Code Gen is deprecated and will be removed in 2.0. Please migrate to KSP. https://github.com/square/moshi#codegen
1 warning

> Task :app:generateReleaseLintVitalReportModel
> Task :app:processReleaseJavaRes
> Task :app:transformReleaseClassesWithAsm
> Task :app:mergeReleaseJavaResource
> Task :app:dexBuilderRelease
> Task :app:mergeReleaseGlobalSynthetics
> Task :app:mergeDexRelease
> Task :app:l8DexDesugarLibRelease
> Task :app:lintVitalAnalyzeRelease
> Task :app:compileReleaseArtProfile
> Task :app:packageRelease
> Task :app:createReleaseApkListingFileRedirect
> Task :app:lintVitalReportRelease
> Task :app:lintVitalRelease
> Task :app:assembleRelease

> Task :app:publishApkDelivery
publishApkDelivery: buildType=release, gefundene APKs=[release.apk]
publishApkDelivery: OK -> Branch 'apk-delivery-release' (run=35532357435). Dateien: BUILD-INFO.txt, SHA256SUMS.txt, release.apk
gradle/actions: Writing build results to /home/runner/work/_temp/.gradle-actions/build-results/__run_7-1789932478461.json

BUILD SUCCESSFUL in 4m 45s
58 actionable tasks: 58 executed
